// Vitest Snapshot v1, https://vitest.dev/guide/snapshot.html

exports[`it renders 1`] = `
<div
  class="container mx-auto p-4 max-w-4xl"
>
  <div
    class="space-y-4"
  >
    <h1
      class="text-3xl font-bold text-gray-800"
    >
      Snippet
    </h1>
    <span>
      text
    </span>
    <span>
      summary
    </span>
  </div>
</div>
`;
