// Vitest Snapshot v1, https://vitest.dev/guide/snapshot.html

exports[`it renders 1`] = `
<form
  class="mx-full mb-4"
>
  <div
    class="mb-4"
  >
    <textarea
      class="w-full px-3 py-2 border border-gray-300 focus:outline-none focus:ring-2 focus:ring-blue-500"
      id="text"
      name="text"
      placeholder="Enter your code snippet here..."
      required=""
      rows="8"
    />
  </div>
  <button
    class="w-full bg-blue-600 py-2 px-4 hover:bg-blue-700 focus:outline-none focus:ring-2 focus:ring-blue-500"
    type="submit"
  >
    <span
      class="text-white"
    >
      Create Snippet
    </span>
  </button>
</form>
`;
